###############################################################################
#
# IAR ELF Linker V8.40.1.212/W32 for ARM                  01/Apr/2020  21:33:23
# Copyright 2007-2019 IAR Systems AB.
#
#    Output file  =
#        C:\Users\Mohamed Ibrahim\Desktop\GPIO DRIVER LIB\GPIO
#        DRIVER\Debug\Exe\GPIO DRIVER.out
#    Map file     =
#        C:\Users\Mohamed Ibrahim\Desktop\GPIO DRIVER LIB\GPIO
#        DRIVER\Debug\List\GPIO DRIVER.map
#    Command line =
#        -f C:\Users\MOHAME~1\AppData\Local\Temp\EW41B4.tmp ("C:\Users\Mohamed
#        Ibrahim\Desktop\GPIO DRIVER LIB\GPIO DRIVER\Debug\Obj\GPIO_Driver.o"
#        "C:\Users\Mohamed Ibrahim\Desktop\GPIO DRIVER LIB\GPIO
#        DRIVER\Debug\Obj\main.o" --no_out_extension -o "C:\Users\Mohamed
#        Ibrahim\Desktop\GPIO DRIVER LIB\GPIO DRIVER\Debug\Exe\GPIO DRIVER.out"
#        --redirect _Printf=_PrintfFullNoMb --redirect _Scanf=_ScanfFullNoMb
#        --map "C:\Users\Mohamed Ibrahim\Desktop\GPIO DRIVER LIB\GPIO
#        DRIVER\Debug\List\GPIO DRIVER.map" --config "C:\Program Files
#        (x86)\IAR Systems\Embedded Workbench
#        8.3\arm\config\linker\TexasInstruments\TM4C123GH6.icf" --semihosting
#        --entry __iar_program_start --vfe --text_out locale)
#
###############################################################################

*******************************************************************************
*** RUNTIME MODEL ATTRIBUTES
***

CppFlavor       = *
__SystemLibrary = DLib
__dlib_version  = 6


*******************************************************************************
*** HEAP SELECTION
***

The basic heap was selected because no calls to memory allocation
functions were found in the application outside of system library
functions, and there are calls to deallocation functions in the
application.


*******************************************************************************
*** PLACEMENT SUMMARY
***

"A0":  place at address 0x0 { ro section .intvec };
"P1":  place in [from 0x0 to 0x3'ffff] { ro };
define block CSTACK with size = 4K, alignment = 8 { };
define block HEAP with size = 8K, alignment = 8 { };
"P2":  place in [from 0x2000'0000 to 0x2000'7fff] {
          rw, block CSTACK, block HEAP };

No sections matched the following patterns:

  rw  in "P2"


  Section   Kind         Address    Size  Object
  -------   ----         -------    ----  ------
"A0":                               0x40
  .intvec   ro code          0x0    0x40  vector_table_M.o [4]
                          - 0x40    0x40

"P1":                              0x22c
  .text     ro code         0x40    0xe0  GPIO_Driver.o [1]
  .text     ro code        0x120    0xcc  main.o [1]
  .text     ro code        0x1ec    0x22  fpinit_M.o [3]
  .text     ro code        0x20e     0x2  vector_table_M.o [4]
  .text     ro code        0x210    0x1e  cmain.o [4]
  .text     ro code        0x22e     0x4  low_level_init.o [2]
  .text     ro code        0x232     0x4  exit.o [2]
  .text     ro code        0x238     0xa  cexit.o [4]
  .text     ro code        0x244    0x14  exit.o [5]
  .text     ro code        0x258     0xc  cstartup_M.o [4]
  .rodata   const          0x264     0x8  main.o [1]
                         - 0x26c   0x22c

"P2":                             0x1000
  CSTACK             0x2000'0000  0x1000  <Block>
    CSTACK  uninit   0x2000'0000  0x1000  <Block tail>
                   - 0x2000'1000  0x1000

Unused ranges:

         From           To      Size
         ----           --      ----
        0x26c     0x3'ffff  0x3'fd94
  0x2000'1000  0x2000'7fff    0x7000



*******************************************************************************
*** MODULE SUMMARY
***

    Module            ro code  ro data  rw data
    ------            -------  -------  -------
command line/config:
    -------------------------------------------
    Total:

C:\Users\Mohamed Ibrahim\Desktop\GPIO DRIVER LIB\GPIO DRIVER\Debug\Obj: [1]
    GPIO_Driver.o         224
    main.o                204        8
    -------------------------------------------
    Total:                428        8

dl7M_tln.a: [2]
    exit.o                  4
    low_level_init.o        4
    -------------------------------------------
    Total:                  8

m7M_tls.a: [3]
    fpinit_M.o             34
    -------------------------------------------
    Total:                 34

rt7M_tl.a: [4]
    cexit.o                10
    cmain.o                30
    cstartup_M.o           12
    vector_table_M.o       66
    -------------------------------------------
    Total:                118

shb_l.a: [5]
    exit.o                 20
    -------------------------------------------
    Total:                 20

    Gaps                    4
    Linker created                        4'096
-----------------------------------------------
    Grand Total:          612        8    4'096


*******************************************************************************
*** ENTRY LIST
***

Entry                     Address  Size  Type      Object
-----                     -------  ----  ----      ------
?main                       0x211        Code  Gb  cmain.o [4]
CSTACK$$Base          0x2000'0000         --   Gb  - Linker created -
CSTACK$$Limit         0x2000'1000         --   Gb  - Linker created -
GPIO_PINS_READ               0xa5   0x8  Code  Gb  GPIO_Driver.o [1]
GPIO_PORT_INIT               0xc9  0x3c  Code  Gb  GPIO_Driver.o [1]
Led_On                       0x41   0xe  Code  Gb  GPIO_Driver.o [1]
Led_off                      0x4f   0xe  Code  Gb  GPIO_Driver.o [1]
PIN_BW_ON                    0x77  0x20  Code  Gb  GPIO_Driver.o [1]
PIN_READ                     0x97   0xe  Code  Gb  GPIO_Driver.o [1]
Region$$Table$$Base           0x0         --   Gb  - Linker created -
Region$$Table$$Limit          0x0         --   Gb  - Linker created -
SW_Input                     0x5d   0xa  Code  Gb  GPIO_Driver.o [1]
Switches_ON                  0xad  0x1c  Code  Gb  GPIO_Driver.o [1]
__cmain                     0x211        Code  Gb  cmain.o [4]
__exit                      0x245  0x14  Code  Gb  exit.o [5]
__iar_init_vfp              0x1ed        Code  Gb  fpinit_M.o [3]
__iar_program_start         0x259        Code  Gb  cstartup_M.o [4]
__low_level_init            0x22f   0x4  Code  Gb  low_level_init.o [2]
__vector_table                0x0        Data  Gb  vector_table_M.o [4]
_call_main                  0x21d        Code  Gb  cmain.o [4]
_exit                       0x239        Code  Gb  cexit.o [4]
_main                       0x22b        Code  Gb  cmain.o [4]
delay_ms                     0x67  0x10  Code  Gb  GPIO_Driver.o [1]
exit                        0x233   0x4  Code  Gb  exit.o [2]
main                        0x121  0xcc  Code  Gb  main.o [1]


[1] = C:\Users\Mohamed Ibrahim\Desktop\GPIO DRIVER LIB\GPIO DRIVER\Debug\Obj
[2] = dl7M_tln.a
[3] = m7M_tls.a
[4] = rt7M_tl.a
[5] = shb_l.a

    612 bytes of readonly  code memory
      8 bytes of readonly  data memory
  4'096 bytes of readwrite data memory

Errors: none
Warnings: none
